Reading players.json...
Found 55 players.

  ✓ Brice Samba → found
  ✓ Yvon Mvogo → found
  ✓ Lucas Chevalier → found
  ✓ Gianluigi Donnarumma → found
  ✓ Steve Mandanda → found
  ✓ Jonathan Clauss → found
  ✓ Kevin Danso → found
  ✓ Thomas Meunier → found
  ✓ Maxence Lacroix → found
  ✓ Achraf Hakimi → found

--- Progress: 10/55 (found: 10, not found: 0, errors: 0) ---

  ✓ Nuno Mendes → found
  ✓ Jean-Clair Todibo → found
  ✓ Benoit Badiashile → found
  ✓ William Saliba → found
  ✓ Yunis Abdelhamid → found
  ✓ Bafode Diakite → found
  ✓ Tiago Santos → found
  ✓ Facundo Medina → found
  ✓ Lucas Beraldo → found
  ✓ Kenny Lala → found

--- Progress: 20/55 (found: 20, not found: 0, errors: 0) ---

  ✓ Youssouf Fofana → found
  ✓ Warren Zaire-Emery → found
  ✓ Corentin Tolisso → found
  ✓ Vitinha → found
  ✓ Maxence Caqueret → found
  ✓ Ayyoub Bouaddi → found
  ✓ Azzedine Ounahi → found
  ✓ Rayan Cherki → found
  ✗ Kang-in Lee → not found (keeping existing)
  ✓ Adrien Thomasson → found

--- Progress: 30/55 (found: 29, not found: 1, errors: 0) ---

  HTTP 429 for "Teji Savanier"
  ✗ Teji Savanier → not found (keeping existing)
  HTTP 429 for "Eduardo Camavinga"
  ✗ Eduardo Camavinga → not found (keeping existing)
  HTTP 429 for "Lucas Paqueta"
  ✗ Lucas Paqueta → not found (keeping existing)
  HTTP 429 for "Allan Saint-Maximin"
  ✗ Allan Saint-Maximin → not found (keeping existing)
  HTTP 429 for "Yvan Neyou"
  ✗ Yvan Neyou → not found (keeping existing)
  HTTP 429 for "Alexandre Lacazette"
  ✗ Alexandre Lacazette → not found (keeping existing)
  HTTP 429 for "Elye Wahi"
  ✗ Elye Wahi → not found (keeping existing)
  HTTP 429 for "Randal Kolo Muani"
  ✗ Randal Kolo Muani → not found (keeping existing)
  HTTP 429 for "Kylian Mbappe"
  ✗ Kylian Mbappe → not found (keeping existing)
  HTTP 429 for "Martin Terrier"
  ✗ Martin Terrier → not found (keeping existing)

--- Progress: 40/55 (found: 29, not found: 11, errors: 0) ---

  HTTP 429 for "Bradley Barcola"
  ✗ Bradley Barcola → not found (keeping existing)
  HTTP 429 for "Jonathan David"
  ✗ Jonathan David → not found (keeping existing)
  HTTP 429 for "Lois Openda"
  ✗ Lois Openda → not found (keeping existing)
  HTTP 429 for "Pierre-Emerick Aubameyang"
  ✗ Pierre-Emerick Aubameyang → not found (keeping existing)
  HTTP 429 for "Gaetan Laborde"
  ✗ Gaetan Laborde → not found (keeping existing)
  HTTP 429 for "Georges Mikautadze"
  ✗ Georges Mikautadze → not found (keeping existing)
  HTTP 429 for "Serhou Guirassy"
  ✗ Serhou Guirassy → not found (keeping existing)
  HTTP 429 for "Emanuel Emegha"
  ✗ Emanuel Emegha → not found (keeping existing)
  HTTP 429 for "Folarin Balogun"
  ✗ Folarin Balogun → not found (keeping existing)
  HTTP 429 for "Mason Greenwood"
  ✗ Mason Greenwood → not found (keeping existing)

--- Progress: 50/55 (found: 29, not found: 21, errors: 0) ---

  HTTP 429 for "Mohamed-Ali Cho"
  ✗ Mohamed-Ali Cho → not found (keeping existing)
  HTTP 429 for "Arnaud Kalimuendo"
  ✗ Arnaud Kalimuendo → not found (keeping existing)
  HTTP 429 for "Edon Zhegrova"
  ✗ Edon Zhegrova → not found (keeping existing)
  HTTP 429 for "Wissam Ben Yedder"
  ✗ Wissam Ben Yedder → not found (keeping existing)
  HTTP 429 for "Ousmane Dembele"
  ✗ Ousmane Dembele → not found (keeping existing)

Writing updated players.json...

========== SUMMARY ==========
Total players: 55
Found:         29
Not found:     26
Errors:        0
=============================
