[dotenv@17.3.1] injecting env (9) from .env -- tip: ⚙️  enable debug logging with { debug: true }

Scraping L'Équipe web articles for J26

9 matches from TheSportsDB:
  Marseille 1-0 Auxerre
  Angers 0-2 Nice
  Lorient 2-1 Lens
  Monaco 2-0 Brest
  Le Havre 0-0 Lyon
  Metz 3-4 Toulouse
  Paris SG TBD Nantes
  Rennes 1-2 Lille
  Strasbourg 0-0 Paris FC

🔍 Marseille 1-0 Auxerre
  Found 0 article(s)
  Trying L1 page browse...
  ❌ No article found (even after browse)

🔍 Angers 0-2 Nice
  Found 0 article(s)
  Trying L1 page browse...
  ❌ No article found (even after browse)

🔍 Lorient 2-1 Lens
  Found 0 article(s)
  Trying L1 page browse...
  ❌ No article found (even after browse)

🔍 Monaco 2-0 Brest
  Found 0 article(s)
  Trying L1 page browse...
  ❌ No article found (even after browse)

🔍 Le Havre 0-0 Lyon
  Found 0 article(s)
  Trying L1 page browse...
  ❌ No article found (even after browse)

🔍 Metz 3-4 Toulouse
browserContext.newPage: Target page, context or browser has been closed
Browser logs:

<launching> /Users/julienzakoian/Library/Caches/ms-playwright/chromium_headless_shell-1208/chrome-headless-shell-mac-arm64/chrome-headless-shell --disable-field-trial-config --disable-background-networking --disable-background-timer-throttling --disable-backgrounding-occluded-windows --disable-back-forward-cache --disable-breakpad --disable-client-side-phishing-detection --disable-component-extensions-with-background-pages --disable-component-update --no-default-browser-check --disable-default-apps --disable-dev-shm-usage --disable-extensions --disable-features=AvoidUnnecessaryBeforeUnloadCheckSync,BoundaryEventDispatchTracksNodeRemoval,DestroyProfileOnBrowserClose,DialMediaRouteProvider,GlobalMediaControls,HttpsUpgrades,LensOverlay,MediaRouter,PaintHolding,ThirdPartyStoragePartitioning,Translate,AutoDeElevate,RenderDocument,OptimizationHints --enable-features=CDPScreenshotNewSurface --allow-pre-commit-input --disable-hang-monitor --disable-ipc-flooding-protection --disable-popup-blocking --disable-prompt-on-repost --disable-renderer-backgrounding --force-color-profile=srgb --metrics-recording-only --no-first-run --password-store=basic --use-mock-keychain --no-service-autorun --export-tagged-pdf --disable-search-engine-choice-screen --unsafely-disable-devtools-self-xss-warnings --edge-skip-compat-layer-relaunch --enable-automation --disable-infobars --disable-search-engine-choice-screen --disable-sync --headless --hide-scrollbars --mute-audio --blink-settings=primaryHoverType=2,availableHoverTypes=2,primaryPointerType=4,availablePointerTypes=4 --no-sandbox --user-data-dir=/Users/julienzakoian/Projects/la-ligue-enchantee/tmp/lequipe-profile --remote-debugging-pipe about:blank
<launched> pid=69850
[pid=69850][err] [0317/190414.937089:ERROR:sandbox/mac/system_services.cc:31] SetApplicationIsDaemon: Error Domain=NSOSStatusErrorDomain Code=-50 "paramErr: error in user parameter list" (-50)
[pid=69850][err] [0317/190414.980894:INFO:CONSOLE:13] "Hydration completed but contains mismatches.", source: https://www.lequipe.fr/assets/js/vendor-DqkXs8ux.js (13)
[pid=69850][err] [0317/190415.186998:INFO:CONSOLE:2] "[storylines] script does not have data-story-keys - using all tags", source:  (2)
[pid=69850][err] [0317/190415.187398:INFO:CONSOLE:2] "[storylines] validation warnings [object Object]", source:  (2)
[pid=69850][err] [0317/190415.190519:INFO:CONSOLE:2] "[storylines] required advertisement services terminally failed and will not recover [object Object]", source:  (2)
[pid=69850][err] [0317/190415.208762:INFO:CONSOLE:1] "Subscriptions Runtime: 1.0.140", source: https://news.google.com/swg/js/v1/swg.js (1)
[pid=69850][err] [0317/190416.164189:INFO:CONSOLE:24] "Uncaught SecurityError: Failed to read a named property 'document' from 'Window': Blocked a frame with origin "https://478cf39f8e96cddad322839ef6ea34fd.safeframe.googlesyndication.com" from accessing a frame with origin "https://www.lequipe.fr". Protocols, domains, and ports must match.", source: https://478cf39f8e96cddad322839ef6ea34fd.safeframe.googlesyndication.com/safeframe/1-0-45/html/container.html (24)
[pid=69850][err] [0317/190416.164466:INFO:CONSOLE:25] "Uncaught SyntaxError: missing ) after argument list", source: https://478cf39f8e96cddad322839ef6ea34fd.safeframe.googlesyndication.com/safeframe/1-0-45/html/container.html (25)
[pid=69850][err] [0317/190416.739531:ERROR:gpu/ipc/service/gles2_command_buffer_stub.cc:259] ContextResult::kFatalFailure: Failed to create context.
[pid=69850][err] [0317/190417.596401:INFO:CONSOLE:1] "Subscriptions Runtime: 1.0.140", source: https://news.google.com/swg/js/v1/swg.js (1)
[pid=69850][err] [0317/190417.858710:ERROR:gpu/ipc/service/gles2_command_buffer_stub.cc:259] ContextResult::kFatalFailure: Failed to create context.
[pid=69850][err] [0317/190418.289712:INFO:CONSOLE:1] "❌ Fetch error: Error: Erreur réseau : 403  https://dwh.lequipe.fr/api/search/engine/documents?query=notes%20OM%20AJA&page=1&order-field=relevance&order-direction=desc&platform=desktop&version=1.4 - <!doctype html><meta charset="utf-8"><meta name=viewport content="width=device-width, initial-scale=1"><title>403</title>403 Forbidden", source: https://www.lequipe.fr/assets/js/useFetch-VkqrWP3L.js (1)
[pid=69850][err] [0317/190422.740901:INFO:CONSOLE:1] "Subscriptions Runtime: 1.0.140", source: https://news.google.com/swg/js/v1/swg.js (1)
[pid=69850][err] [0317/190422.961076:ERROR:gpu/ipc/service/gles2_command_buffer_stub.cc:259] ContextResult::kFatalFailure: Failed to create context.
[pid=69850][err] [0317/190423.317363:INFO:CONSOLE:1] "❌ Fetch error: Error: Erreur réseau : 403  https://dwh.lequipe.fr/api/search/engine/documents?query=notes%20Marseille%20Auxerre&page=1&order-field=relevance&order-direction=desc&platform=desktop&version=1.4 - <!doctype html><meta charset="utf-8"><meta name=viewport content="width=device-width, initial-scale=1"><title>403</title>403 Forbidden", source: https://www.lequipe.fr/assets/js/useFetch-VkqrWP3L.js (1)
[pid=69850][err] [0317/190428.667587:INFO:CONSOLE:1] "Subscriptions Runtime: 1.0.140", source: https://news.google.com/swg/js/v1/swg.js (1)
[pid=69850][err] [0317/190428.880923:ERROR:gpu/ipc/service/gles2_command_buffer_stub.cc:259] ContextResult::kFatalFailure: Failed to create context.
[pid=69850][err] [0317/190429.195584:INFO:CONSOLE:1] "❌ Fetch error: Error: Erreur réseau : 403  https://dwh.lequipe.fr/api/search/engine/documents?query=notes%20om-aja&page=1&order-field=relevance&order-direction=desc&platform=desktop&version=1.4 - <!doctype html><meta charset="utf-8"><meta name=viewport content="width=device-width, initial-scale=1"><title>403</title>403 Forbidden", source: https://www.lequipe.fr/assets/js/useFetch-VkqrWP3L.js (1)
[pid=69850][err] [0317/190433.763358:INFO:CONSOLE:13] "Hydration completed but contains mismatches.", source: https://www.lequipe.fr/assets/js/vendor-DqkXs8ux.js (13)
[pid=69850][err] [0317/190433.895653:INFO:CONSOLE:1] "Subscriptions Runtime: 1.0.140", source: https://news.google.com/swg/js/v1/swg.js (1)
[pid=69850][err] [0317/190441.542906:INFO:CONSOLE:1] "Subscriptions Runtime: 1.0.140", source: https://news.google.com/swg/js/v1/swg.js (1)
[pid=69850][err] [0317/190441.802632:ERROR:gpu/ipc/service/gles2_command_buffer_stub.cc:259] ContextResult::kFatalFailure: Failed to create context.
[pid=69850][err] [0317/190442.149737:INFO:CONSOLE:1] "❌ Fetch error: Error: Erreur réseau : 403  https://dwh.lequipe.fr/api/search/engine/documents?query=notes%20SCO%20OGCN&page=1&order-field=relevance&order-direction=desc&platform=desktop&version=1.4 - <!doctype html><meta charset="utf-8"><meta name=viewport content="width=device-width, initial-scale=1"><title>403</title>403 Forbidden", source: https://www.lequipe.fr/assets/js/useFetch-VkqrWP3L.js (1)
[pid=69850][err] [0317/190446.614779:INFO:CONSOLE:1] "Subscriptions Runtime: 1.0.140", source: https://news.google.com/swg/js/v1/swg.js (1)
[pid=69850][err] [0317/190446.906412:ERROR:gpu/ipc/service/gles2_command_buffer_stub.cc:259] ContextResult::kFatalFailure: Failed to create context.
[pid=69850][err] [0317/190447.234838:INFO:CONSOLE:1] "❌ Fetch error: Error: Erreur réseau : 403  https://dwh.lequipe.fr/api/search/engine/documents?query=notes%20Angers%20Nice&page=1&order-field=relevance&order-direction=desc&platform=desktop&version=1.4 - <!doctype html><meta charset="utf-8"><meta name=viewport content="width=device-width, initial-scale=1"><title>403</title>403 Forbidden", source: https://www.lequipe.fr/assets/js/useFetch-VkqrWP3L.js (1)
[pid=69850][err] [0317/190451.849803:INFO:CONSOLE:1] "Subscriptions Runtime: 1.0.140", source: https://news.google.com/swg/js/v1/swg.js (1)
[pid=69850][err] [0317/190452.165698:ERROR:gpu/ipc/service/gles2_command_buffer_stub.cc:259] ContextResult::kFatalFailure: Failed to create context.
[pid=69850][err] [0317/190452.478283:INFO:CONSOLE:1] "❌ Fetch error: Error: Erreur réseau : 403  https://dwh.lequipe.fr/api/search/engine/documents?query=notes%20sco-ogcn&page=1&order-field=relevance&order-direction=desc&platform=desktop&version=1.4 - <!doctype html><meta charset="utf-8"><meta name=viewport content="width=device-width, initial-scale=1"><title>403</title>403 Forbidden", source: https://www.lequipe.fr/assets/js/useFetch-VkqrWP3L.js (1)
[pid=69850][err] [0317/190456.939534:INFO:CONSOLE:13] "Hydration completed but contains mismatches.", source: https://www.lequipe.fr/assets/js/vendor-DqkXs8ux.js (13)
[pid=69850][err] [0317/190457.075225:INFO:CONSOLE:1] "Subscriptions Runtime: 1.0.140", source: https://news.google.com/swg/js/v1/swg.js (1)
[pid=69850][err] [0317/190504.835871:INFO:CONSOLE:1] "Subscriptions Runtime: 1.0.140", source: https://news.google.com/swg/js/v1/swg.js (1)
[pid=69850][err] [0317/190505.091311:ERROR:gpu/ipc/service/gles2_command_buffer_stub.cc:259] ContextResult::kFatalFailure: Failed to create context.
[pid=69850][err] [0317/190505.237257:INFO:CONSOLE:1] "❌ Fetch error: Error: Erreur réseau : 403  https://dwh.lequipe.fr/api/search/engine/documents?query=notes%20FCL%20RCL&page=1&order-field=relevance&order-direction=desc&platform=desktop&version=1.4 - <!doctype html><meta charset="utf-8"><meta name=viewport content="width=device-width, initial-scale=1"><title>403</title>403 Forbidden", source: https://www.lequipe.fr/assets/js/useFetch-VkqrWP3L.js (1)
[pid=69850][err] [0317/190509.968526:INFO:CONSOLE:1] "Subscriptions Runtime: 1.0.140", source: https://news.google.com/swg/js/v1/swg.js (1)
[pid=69850][err] [0317/190510.181278:ERROR:gpu/ipc/service/gles2_command_buffer_stub.cc:259] ContextResult::kFatalFailure: Failed to create context.
[pid=69850][err] [0317/190510.338705:INFO:CONSOLE:1] "❌ Fetch error: Error: Erreur réseau : 403  https://dwh.lequipe.fr/api/search/engine/documents?query=notes%20Lorient%20Lens&page=1&order-field=relevance&order-direction=desc&platform=desktop&version=1.4 - <!doctype html><meta charset="utf-8"><meta name=viewport content="width=device-width, initial-scale=1"><title>403</title>403 Forbidden", source: https://www.lequipe.fr/assets/js/useFetch-VkqrWP3L.js (1)
[pid=69850][err] [0317/190515.234670:INFO:CONSOLE:1] "Subscriptions Runtime: 1.0.140", source: https://news.google.com/swg/js/v1/swg.js (1)
[pid=69850][err] [0317/190515.474871:ERROR:gpu/ipc/service/gles2_command_buffer_stub.cc:259] ContextResult::kFatalFailure: Failed to create context.
[pid=69850][err] [0317/190515.798535:INFO:CONSOLE:1] "❌ Fetch error: Error: Erreur réseau : 403  https://dwh.lequipe.fr/api/search/engine/documents?query=notes%20fcl-rcl&page=1&order-field=relevance&order-direction=desc&platform=desktop&version=1.4 - <!doctype html><meta charset="utf-8"><meta name=viewport content="width=device-width, initial-scale=1"><title>403</title>403 Forbidden", source: https://www.lequipe.fr/assets/js/useFetch-VkqrWP3L.js (1)
[pid=69850][err] [0317/190520.322185:INFO:CONSOLE:13] "Hydration completed but contains mismatches.", source: https://www.lequipe.fr/assets/js/vendor-DqkXs8ux.js (13)
[pid=69850][err] [0317/190520.452768:INFO:CONSOLE:1] "Subscriptions Runtime: 1.0.140", source: https://news.google.com/swg/js/v1/swg.js (1)
[pid=69850][err] [0317/190528.137167:INFO:CONSOLE:1] "Subscriptions Runtime: 1.0.140", source: https://news.google.com/swg/js/v1/swg.js (1)
[pid=69850][err] [0317/190528.394419:ERROR:gpu/ipc/service/gles2_command_buffer_stub.cc:259] ContextResult::kFatalFailure: Failed to create context.
[pid=69850][err] [0317/190528.652660:INFO:CONSOLE:1] "❌ Fetch error: Error: Erreur réseau : 403  https://dwh.lequipe.fr/api/search/engine/documents?query=notes%20ASM%20SB29&page=1&order-field=relevance&order-direction=desc&platform=desktop&version=1.4 - <!doctype html><meta charset="utf-8"><meta name=viewport content="width=device-width, initial-scale=1"><title>403</title>403 Forbidden", source: https://www.lequipe.fr/assets/js/useFetch-VkqrWP3L.js (1)
[pid=69850][err] [0317/190533.187747:INFO:CONSOLE:1] "Subscriptions Runtime: 1.0.140", source: https://news.google.com/swg/js/v1/swg.js (1)
[pid=69850][err] [0317/190533.446869:ERROR:gpu/ipc/service/gles2_command_buffer_stub.cc:259] ContextResult::kFatalFailure: Failed to create context.
[pid=69850][err] [0317/190533.558787:INFO:CONSOLE:1] "❌ Fetch error: Error: Erreur réseau : 403  https://dwh.lequipe.fr/api/search/engine/documents?query=notes%20Monaco%20Brest&page=1&order-field=relevance&order-direction=desc&platform=desktop&version=1.4 - <!doctype html><meta charset="utf-8"><meta name=viewport content="width=device-width, initial-scale=1"><title>403</title>403 Forbidden", source: https://www.lequipe.fr/assets/js/useFetch-VkqrWP3L.js (1)
[pid=69850][err] [0317/190538.526336:INFO:CONSOLE:1] "Subscriptions Runtime: 1.0.140", source: https://news.google.com/swg/js/v1/swg.js (1)
[pid=69850][err] [0317/190538.864926:ERROR:gpu/ipc/service/gles2_command_buffer_stub.cc:259] ContextResult::kFatalFailure: Failed to create context.
[pid=69850][err] [0317/190539.149042:INFO:CONSOLE:1] "❌ Fetch error: Error: Erreur réseau : 403  https://dwh.lequipe.fr/api/search/engine/documents?query=notes%20asm-sb29&page=1&order-field=relevance&order-direction=desc&platform=desktop&version=1.4 - <!doctype html><meta charset="utf-8"><meta name=viewport content="width=device-width, initial-scale=1"><title>403</title>403 Forbidden", source: https://www.lequipe.fr/assets/js/useFetch-VkqrWP3L.js (1)
[pid=69850][err] [0317/190543.601258:INFO:CONSOLE:13] "Hydration completed but contains mismatches.", source: https://www.lequipe.fr/assets/js/vendor-DqkXs8ux.js (13)
[pid=69850][err] [0317/190543.734942:INFO:CONSOLE:1] "Subscriptions Runtime: 1.0.140", source: https://news.google.com/swg/js/v1/swg.js (1)
[pid=69850][err] [0317/190551.423822:INFO:CONSOLE:1] "Subscriptions Runtime: 1.0.140", source: https://news.google.com/swg/js/v1/swg.js (1)
[pid=69850][err] [0317/190551.695221:ERROR:gpu/ipc/service/gles2_command_buffer_stub.cc:259] ContextResult::kFatalFailure: Failed to create context.
[pid=69850][err] [0317/190551.833227:INFO:CONSOLE:1] "❌ Fetch error: Error: Erreur réseau : 403  https://dwh.lequipe.fr/api/search/engine/documents?query=notes%20HAC%20Lyon&page=1&order-field=relevance&order-direction=desc&platform=desktop&version=1.4 - <!doctype html><meta charset="utf-8"><meta name=viewport content="width=device-width, initial-scale=1"><title>403</title>403 Forbidden", source: https://www.lequipe.fr/assets/js/useFetch-VkqrWP3L.js (1)
[pid=69850][err] [0317/190556.488264:INFO:CONSOLE:1] "Subscriptions Runtime: 1.0.140", source: https://news.google.com/swg/js/v1/swg.js (1)
[pid=69850][err] [0317/190556.707129:ERROR:gpu/ipc/service/gles2_command_buffer_stub.cc:259] ContextResult::kFatalFailure: Failed to create context.
[pid=69850][err] [0317/190556.813638:INFO:CONSOLE:1] "❌ Fetch error: Error: Erreur réseau : 403  https://dwh.lequipe.fr/api/search/engine/documents?query=notes%20Le%20Havre%20Lyon&page=1&order-field=relevance&order-direction=desc&platform=desktop&version=1.4 - <!doctype html><meta charset="utf-8"><meta name=viewport content="width=device-width, initial-scale=1"><title>403</title>403 Forbidden", source: https://www.lequipe.fr/assets/js/useFetch-VkqrWP3L.js (1)
[pid=69850][err] [0317/190602.347459:INFO:CONSOLE:1] "Subscriptions Runtime: 1.0.140", source: https://news.google.com/swg/js/v1/swg.js (1)
[pid=69850][err] [0317/190602.564807:ERROR:gpu/ipc/service/gles2_command_buffer_stub.cc:259] ContextResult::kFatalFailure: Failed to create context.
[pid=69850][err] [0317/190602.914305:INFO:CONSOLE:1] "❌ Fetch error: Error: Erreur réseau : 403  https://dwh.lequipe.fr/api/search/engine/documents?query=notes%20hac-lyon&page=1&order-field=relevance&order-direction=desc&platform=desktop&version=1.4 - <!doctype html><meta charset="utf-8"><meta name=viewport content="width=device-width, initial-scale=1"><title>403</title>403 Forbidden", source: https://www.lequipe.fr/assets/js/useFetch-VkqrWP3L.js (1)
[pid=69850][err] [0317/190607.444148:INFO:CONSOLE:13] "Hydration completed but contains mismatches.", source: https://www.lequipe.fr/assets/js/vendor-DqkXs8ux.js (13)
[pid=69850][err] [0317/190607.574708:INFO:CONSOLE:1] "Subscriptions Runtime: 1.0.140", source: https://news.google.com/swg/js/v1/swg.js (1)
[pid=69850] <gracefully close start>
    at findNoteArticles (/Users/julienzakoian/Projects/la-ligue-enchantee/scripts/scrape-notes-web.ts:98:30)
    at main (/Users/julienzakoian/Projects/la-ligue-enchantee/scripts/scrape-notes-web.ts:334:31)
